// Jest Snapshot v1, https://goo.gl/fbAQLP

exports[`<LogIn /> matches snapshot 1`] = `
<div>
  <div
    class="root"
  >
    <div
      class="root"
    >
      <div>
        <div
          class="icon-logo icon"
        >
          <svg
            aria-hidden="true"
            class=""
            fill="currentColor"
            focusable="false"
            height="100%"
            role="img"
            viewBox="0 0 640 512"
            width="100%"
            xmlns="http://www.w3.org/2000/svg"
          >
            <path
              d="M635.73 406.91l-194.04-297.6C435.9 100.44 425.95 96 416 96c-9.95 0-19.9 4.44-25.69 13.31l-52 79.76-70.79-110.55C261.32 68.84 250.66 64 240 64s-21.32 4.84-27.52 14.52L4.58 403.18C-7.99 422.81 6.81 448 30.92 448h580.22c22.5 0 36.32-23.09 24.59-41.09zM63.61 400L240 124.55 416.39 400H63.61zm409.78 0L366.71 233.4 416 157.8 573.92 400H473.39z"
              fill="currentColor"
            />
          </svg>
        </div>
      </div>
      <div>
        <a>
          Data Scenery
        </a>
      </div>
    </div>
    <div
      class="content"
    >
      <div
        class="title-page"
      >
        Log In
      </div>
      <div
        class="input-identity"
      >
        <div>
           
          Email Address
           
        </div>
        <input
          placeholder="Email Address"
          required=""
          type="email"
          value=""
        />
        <div>
           
          
            
        </div>
      </div>
      <div
        class="input-password"
      >
        <div>
           
          Password
           
        </div>
        <input
          placeholder="Password"
          required=""
          type="password"
          value=""
        />
        <div>
           
          
           
        </div>
      </div>
      <div
        class="button-enter"
      >
        <button>
           
          Log In
        </button>
      </div>
      <div
        class="division"
      >
        <div>
           or Log In with 
        </div>
      </div>
      <div
        class="collection-social"
      >
        <button
          name="google"
        >
           Google 
        </button>
        <button
          name="apple"
        >
           Apple 
        </button>
        <button
          name="github"
        >
           GitHub 
        </button>
      </div>
      <div
        class="collection-link"
      >
        <div>
          <a>
             
            Home
             
          </a>
        </div>
        <div>
           
          <a>
             
            Sign Up
             
          </a>
        </div>
      </div>
    </div>
  </div>
</div>
`;
